NOTE from PE     0: MPP_DOMAINS_SET_STACK_SIZE: stack size set to    32768.
NOTE from PE     0: MPP_DOMAINS_SET_STACK_SIZE: stack size set to  5000000.
NOTE from PE     0: field_manager_init:: You are using the legacy version of the field_table
 
 Dumping coupler_mod/types tree
types/
      air_sea_gas_flux_generic/
            implementation/
                  ocmip2/
                        num_parameters = 2
                  duce/
                        num_parameters = 1
                  johnson/
                        num_parameters = 2
            num_flags = 0
            use_atm_pressure = T
            use_10m_wind_speed = T
            pass_through_ice = F
            atm/
                  name[1] = 'pcair'
                  name[2] = 'u10'
                  name[3] = 'psurf'
                  long_name[1] = 'Atmospheric concentration'
                  long_name[2] = 'Wind speed at 10 m'
                  long_name[3] = 'Surface atmospheric pressure'
                  units[1] = 'mol/mol'
                  units[2] = 'm/s'
                  units[3] = 'Pa'
            ice/
                  name[1] = 'alpha'
                  name[2] = 'csurf'
                  name[3] = 'sc_no'
                  long_name[1] = 'Solubility w.r.t. atmosphere'
                  long_name[2] = 'Ocean concentration'
                  long_name[3] = 'Schmidt number'
                  units[1] = 'mol/m^3/atm'
                  units[2] = 'mol/m^3'
                  units[3] = 'dimensionless'
            flux/
                  name[1] = 'flux'
                  name[2] = 'deltap'
                  name[3] = 'kw'
                  name[4] = 'flux0'
                  long_name[1] = 'Surface flux'
                  long_name[2] = 'Ocean-air delta pressure'
                  long_name[3] = 'Piston velocity'
                  long_name[4] = 'Surface flux no atm'
                  units[1] = 'mol/m^2/s'
                  units[2] = 'uatm'
                  units[3] = 'm/s'
                  units[4] = 'mol/m^2/s'
      air_sea_gas_flux/
            implementation/
                  ocmip2/
                        num_parameters = 2
                  ocmip2_data/
                        num_parameters = 2
                  linear/
                        num_parameters = 3
            num_flags = 0
            use_atm_pressure = T
            use_10m_wind_speed = T
            pass_through_ice = F
            atm/
                  name[1] = 'pcair'
                  name[2] = 'u10'
                  name[3] = 'psurf'
                  long_name[1] = 'Atmospheric concentration'
                  long_name[2] = 'Wind speed at 10 m'
                  long_name[3] = 'Surface atmospheric pressure'
                  units[1] = 'mol/mol'
                  units[2] = 'm/s'
                  units[3] = 'Pa'
            ice/
                  name[1] = 'alpha'
                  name[2] = 'csurf'
                  long_name[1] = 'Solubility from atmosphere times Schmidt number term'
                  long_name[2] = 'Ocean concentration times Schmidt number term'
                  units[1] = 'mol/m^3/atm'
                  units[2] = 'mol/m^3'
            flux/
                  name = 'flux'
                  long_name = 'Surface flux'
                  units = 'mol/m^2/s'
      air_sea_deposition/
            implementation/
                  dry/
                        num_parameters = 1
                  wet/
                        num_parameters = 1
            num_flags = 0
            use_atm_pressure = F
            use_10m_wind_speed = F
            pass_through_ice = T
            atm/
                  name = 'deposition'
                  long_name = 'Atmospheric deposition'
                  units = 'kg/m^2/s'
            ice/
                  name = NULL
                  long_name = NULL
                  units = NULL
            flux/
                  name = 'flux'
                  long_name = 'Surface deposition'
                  units = 'mol/m^2/s'
      land_sea_runoff/
            implementation/
                  river/
                        num_parameters = 1
            num_flags = 0
            use_atm_pressure = F
            use_10m_wind_speed = F
            pass_through_ice = T
            atm/
                  name = 'runoff'
                  long_name = 'Concentration in land runoff'
                  units = 'mol/m^3'
            ice/
                  name = NULL
                  long_name = NULL
                  units = NULL
            flux/
                  name = 'flux'
                  long_name = 'Concentration in land runoff'
                  units = 'mol/m^3'
NOTE from PE     0: open_param_file: MOM_input has been opened successfully.
NOTE from PE     0: open_param_file: MOM_override has been opened successfully.
NOTE from PE     0: close_param_file: MOM_input has been closed successfully.
NOTE from PE     0: close_param_file: MOM_override has been closed successfully.
 ==>Note from atmos_ocean_fluxes_mod(atmos_ocean_fluxes_init): No gas fluxes
NOTE from PE     0: callTree: ---> ocean_model_init(), ocean_model_MOM.F90
NOTE from PE     0: open_param_file: MOM_input has been opened successfully.
NOTE from PE     0: open_param_file: MOM_override has been opened successfully.

WARNING from PE     0: MOM_file_parser : OBC_NUMBER_OF_SEGMENTS over-ridden.  Line: 'OBC_NUMBER_OF_SEGMENTS = 4' in file MOM_override.


WARNING from PE     0: MOM_file_parser : DT over-ridden.  Line: 'DT = 40' in file MOM_override.


WARNING from PE     0: MOM_file_parser : DT_THERM over-ridden.  Line: 'DT_THERM = 400' in file MOM_override.


WARNING from PE     0: MOM_file_parser : NIGLOBAL over-ridden.  Line: 'NIGLOBAL = 1677' in file MOM_override.


WARNING from PE     0: MOM_file_parser : NJGLOBAL over-ridden.  Line: 'NJGLOBAL = 1358' in file MOM_override.


WARNING from PE     0: MOM_file_parser : MINIMUM_DEPTH over-ridden.  Line: 'MINIMUM_DEPTH = 5.0' in file MOM_override.

NOTE from PE     0: Found the optimum layout for auto-masking. Terminating iteration...
NOTE from PE     0: MOM_domains_init: reading maskmap information from MOM_auto_mask_table
 MOM_in domain decomposition
whalo =    4, ehalo =    4, shalo =    4, nhalo =    4
  X-AXIS =   34  34  34  34  34  34  34  34  34  34  34  34  34  34  34  34  34  34  34  34  34  34  34  34
             34  34  34  33  33  33  33  33  33  33  33  33  33  33  33  33  33  33  33  33  33  33  33  33
             33  33
  Y-AXIS =   28  28  28  28  27  27  27  27  27  27  27  27  27  27  27  27  27  27  27  27  27  27  27  27
             27  27  27  27  27  27  27  27  27  27  27  27  27  27  27  27  27  27  27  27  27  27  28  28
             28  28
 MOM_inc domain decomposition
whalo =    2, ehalo =    2, shalo =    2, nhalo =    2
  X-AXIS =   17  17  17  17  17  17  17  17  17  17  17  17  17  17  17  17  17  17  17  16  16  16  16  16
             16  16  16  16  16  16  16  17  17  17  17  17  17  17  17  17  17  17  17  17  17  17  17  17
             17  17
  Y-AXIS =   14  14  14  14  14  14  14  14  14  14  14  14  14  14  14  14  14  14  14  14  14  14  14  14
             14  14  14  14  14  13  13  13  13  13  13  13  13  13  13  13  13  13  13  13  13  13  13  13
             13  13
 parse_mask_table: Number of domain regions masked in MOM_in =          900
 MOM_in domain decomposition
whalo =    4, ehalo =    4, shalo =    4, nhalo =    4
  X-AXIS =   34  34  34  34  34  34  34  34  34  34  34  34  34  34  34  34  34  34  34  34  34  34  34  34
             34  34  34  33  33  33  33  33  33  33  33  33  33  33  33  33  33  33  33  33  33  33  33  33
             33  33
  Y-AXIS =   20  20  20  20  20  20  20  20  20  20  20  20  20  20  20  20  20  20  20  20  20  20  20  20
             20  20  20  20  20  20  20  20  20  19  19  20  20  20  20  20  20  20  20  20  20  20  20  20
             20  20  20  20  20  20  20  20  20  20  20  20  20  20  20  20  20  20  20  20
 MOM_inc domain decomposition
whalo =    2, ehalo =    2, shalo =    2, nhalo =    2
  X-AXIS =   17  17  17  17  17  17  17  17  17  17  17  17  17  17  17  17  17  17  17  16  16  16  16  16
             16  16  16  16  16  16  16  17  17  17  17  17  17  17  17  17  17  17  17  17  17  17  17  17
             17  17
  Y-AXIS =   10  10  10  10  10  10  10  10  10  10  10  10  10  10  10  10  10  10  10  10  10  10  10  10
             10  10  10  10  10  10  10  10  10  10  10  10  10  10  10  10  10  10  10  10  10  10  10  10
             10  10  10  10  10  10  10  10  10  10  10  10  10  10  10  10  10  10  10   9
NOTE from PE     0: diag_manager_mod::diag_manager_init: prepend_date only supported when diag_manager_init is called with time_init present.
NOTE from PE     0: diag_manager_mod::diag_manager_init: You are using the legacy version of the diag table
 MOM_in domain decomposition
whalo =    4, ehalo =    4, shalo =    4, nhalo =    4
  X-AXIS =   34  34  34  34  34  34  34  34  34  34  34  34  34  34  34  34  34  34  34  34  34  34  34  34
             34  34  34  33  33  33  33  33  33  33  33  33  33  33  33  33  33  33  33  33  33  33  33  33
             33  33
  Y-AXIS =   20  20  20  20  20  20  20  20  20  20  20  20  20  20  20  20  20  20  20  20  20  20  20  20
             20  20  20  20  20  20  20  20  20  19  19  20  20  20  20  20  20  20  20  20  20  20  20  20
             20  20  20  20  20  20  20  20  20  20  20  20  20  20  20  20  20  20  20  20
 MOM_in domain decomposition
whalo =    2, ehalo =    2, shalo =    2, nhalo =    2
  X-AXIS =   17  17  17  17  17  17  17  17  17  17  17  17  17  17  17  17  17  17  17  16  16  16  16  16
             16  16  16  16  16  16  16  17  17  17  17  17  17  17  17  17  17  17  17  17  17  17  17  17
             17  17
  Y-AXIS =   10  10  10  10  10  10  10  10  10  10  10  10  10  10  10  10  10  10  10  10  10  10  10  10
             10  10  10  10  10  10  10  10  10  10  10  10  10  10  10  10  10  10  10  10  10  10  10  10
             10  10  10  10  10  10  10  10  10  10  10  10  10  10  10  10  10  10  10   9
 MOM_MOSAIC domain decomposition
whalo =    9, ehalo =    9, shalo =    9, nhalo =    9
  X-AXIS =   68  68  68  68  68  68  68  68  68  68  68  68  68  68  68  68  68  68  68  68  68  68  68  68
             68  68  68  66  66  66  66  66  66  66  66  66  66  66  66  66  66  66  66  66  66  66  66  66
             66  66
  Y-AXIS =   40  40  40  40  40  40  40  40  40  40  40  40  40  40  40  40  40  40  40  40  40  40  40  40
             40  40  40  40  40  40  40  40  40  38  38  40  40  40  40  40  40  40  40  40  40  40  40  40
             40  40  40  40  40  40  40  40  40  40  40  40  40  40  40  40  40  40  40  40
 MOM_MOSAIC domain decomposition
whalo =    4, ehalo =    4, shalo =    4, nhalo =    4
  X-AXIS =   34  34  34  34  34  34  34  34  34  34  34  34  34  34  34  34  34  34  34  34  34  34  34  34
             34  34  34  33  33  33  33  33  33  33  33  33  33  33  33  33  33  33  33  33  33  33  33  33
             33  33
  Y-AXIS =   20  20  20  20  20  20  20  20  20  20  20  20  20  20  20  20  20  20  20  20  20  20  20  20
             20  20  20  20  20  20  20  20  20  19  19  20  20  20  20  20  20  20  20  20  20  20  20  20
             20  20  20  20  20  20  20  20  20  20  20  20  20  20  20  20  20  20  20  20

WARNING from PE     0: MOM_file_parser : MAXIMUM_DEPTH over-ridden.  Line: 'MAXIMUM_DEPTH = 5700.0' in file MOM_override.


WARNING from PE     0: MOM_file_parser : NK over-ridden.  Line: 'NK = 100' in file MOM_override.


WARNING from PE     0: MOM_file_parser : OBC_FREESLIP_VORTICITY over-ridden.  Line: 'OBC_FREESLIP_VORTICITY = False' in file MOM_override.


WARNING from PE     0: MOM_file_parser : OBC_COMPUTED_VORTICITY over-ridden.  Line: 'OBC_COMPUTED_VORTICITY = True' in file MOM_override.


WARNING from PE     0: MOM_file_parser : OBC_FREESLIP_STRAIN over-ridden.  Line: 'OBC_FREESLIP_STRAIN = False' in file MOM_override.


WARNING from PE     0: MOM_file_parser : OBC_COMPUTED_STRAIN over-ridden.  Line: 'OBC_COMPUTED_STRAIN = True' in file MOM_override.


WARNING from PE     0: MOM_file_parser : OBC_ZERO_BIHARMONIC over-ridden.  Line: 'OBC_ZERO_BIHARMONIC = True' in file MOM_override.


WARNING from PE     0: MOM_file_parser : OBC_TRACER_RESERVOIR_LENGTH_SCALE_OUT over-ridden.  Line: 'OBC_TRACER_RESERVOIR_LENGTH_SCALE_OUT = 3.0E+04' in file MOM_override.


WARNING from PE     0: MOM_file_parser : OBC_TRACER_RESERVOIR_LENGTH_SCALE_IN over-ridden.  Line: 'OBC_TRACER_RESERVOIR_LENGTH_SCALE_IN = 3000.0' in file MOM_override.


WARNING from PE     0: MOM_file_parser : BRUSHCUTTER_MODE over-ridden.  Line: 'BRUSHCUTTER_MODE = True' in file MOM_override.

 MOM_in domain decomposition
whalo =    4, ehalo =    4, shalo =    4, nhalo =    4
  X-AXIS =   34  34  34  34  34  34  34  34  34  34  34  34  34  34  34  34  34  34  34  34  34  34  34  34
             34  34  34  33  33  33  33  33  33  33  33  33  33  33  33  33  33  33  33  33  33  33  33  33
             33  33
  Y-AXIS =   20  20  20  20  20  20  20  20  20  20  20  20  20  20  20  20  20  20  20  20  20  20  20  20
             20  20  20  20  20  20  20  20  20  19  19  20  20  20  20  20  20  20  20  20  20  20  20  20
             20  20  20  20  20  20  20  20  20  20  20  20  20  20  20  20  20  20  20  20
 MOM_in domain decomposition
whalo =    2, ehalo =    2, shalo =    2, nhalo =    2
  X-AXIS =   17  17  17  17  17  17  17  17  17  17  17  17  17  17  17  17  17  17  17  16  16  16  16  16
             16  16  16  16  16  16  16  17  17  17  17  17  17  17  17  17  17  17  17  17  17  17  17  17
             17  17
  Y-AXIS =   10  10  10  10  10  10  10  10  10  10  10  10  10  10  10  10  10  10  10  10  10  10  10  10
             10  10  10  10  10  10  10  10  10  10  10  10  10  10  10  10  10  10  10  10  10  10  10  10
             10  10  10  10  10  10  10  10  10  10  10  10  10  10  10  10  10  10  10   9
 MOM_in domain decomposition
whalo =    4, ehalo =    4, shalo =    4, nhalo =    4
  X-AXIS =   34  34  34  34  34  34  34  34  34  34  34  34  34  34  34  34  34  34  34  34  34  34  34  34
             34  34  34  33  33  33  33  33  33  33  33  33  33  33  33  33  33  33  33  33  33  33  33  33
             33  33
  Y-AXIS =   20  20  20  20  20  20  20  20  20  20  20  20  20  20  20  20  20  20  20  20  20  20  20  20
             20  20  20  20  20  20  20  20  20  19  19  20  20  20  20  20  20  20  20  20  20  20  20  20
             20  20  20  20  20  20  20  20  20  20  20  20  20  20  20  20  20  20  20  20
 MOM_in domain decomposition
whalo =    2, ehalo =    2, shalo =    2, nhalo =    2
  X-AXIS =   17  17  17  17  17  17  17  17  17  17  17  17  17  17  17  17  17  17  17  16  16  16  16  16
             16  16  16  16  16  16  16  17  17  17  17  17  17  17  17  17  17  17  17  17  17  17  17  17
             17  17
  Y-AXIS =   10  10  10  10  10  10  10  10  10  10  10  10  10  10  10  10  10  10  10  10  10  10  10  10
             10  10  10  10  10  10  10  10  10  10  10  10  10  10  10  10  10  10  10  10  10  10  10  10
             10  10  10  10  10  10  10  10  10  10  10  10  10  10  10  10  10  10  10   9
NOTE from PE     0: MOM_restart: MOM run restarted using : ./access-om3.mom6.r.2017-01-24-00000.nc
 MOM_in domain decomposition
whalo =    4, ehalo =    4, shalo =    4, nhalo =    4
  X-AXIS =   34  34  34  34  34  34  34  34  34  34  34  34  34  34  34  34  34  34  34  34  34  34  34  34
             34  34  34  33  33  33  33  33  33  33  33  33  33  33  33  33  33  33  33  33  33  33  33  33
             33  33
  Y-AXIS =   20  20  20  20  20  20  20  20  20  20  20  20  20  20  20  20  20  20  20  20  20  20  20  20
             20  20  20  20  20  20  20  20  20  19  19  20  20  20  20  20  20  20  20  20  20  20  20  20
             20  20  20  20  20  20  20  20  20  20  20  20  20  20  20  20  20  20  20  20
 MOM_in domain decomposition
whalo =    2, ehalo =    2, shalo =    2, nhalo =    2
  X-AXIS =   17  17  17  17  17  17  17  17  17  17  17  17  17  17  17  17  17  17  17  16  16  16  16  16
             16  16  16  16  16  16  16  17  17  17  17  17  17  17  17  17  17  17  17  17  17  17  17  17
             17  17
  Y-AXIS =   10  10  10  10  10  10  10  10  10  10  10  10  10  10  10  10  10  10  10  10  10  10  10  10
             10  10  10  10  10  10  10  10  10  10  10  10  10  10  10  10  10  10  10  10  10  10  10  10
             10  10  10  10  10  10  10  10  10  10  10  10  10  10  10  10  10  10  10   9
NOTE from PE     0: MOM_restart: MOM run restarted using : ./access-om3.mom6.r.2017-01-24-00000_1.nc
 MOM_in domain decomposition
whalo =    4, ehalo =    4, shalo =    4, nhalo =    4
  X-AXIS =   34  34  34  34  34  34  34  34  34  34  34  34  34  34  34  34  34  34  34  34  34  34  34  34
             34  34  34  33  33  33  33  33  33  33  33  33  33  33  33  33  33  33  33  33  33  33  33  33
             33  33
  Y-AXIS =   20  20  20  20  20  20  20  20  20  20  20  20  20  20  20  20  20  20  20  20  20  20  20  20
             20  20  20  20  20  20  20  20  20  19  19  20  20  20  20  20  20  20  20  20  20  20  20  20
             20  20  20  20  20  20  20  20  20  20  20  20  20  20  20  20  20  20  20  20
 MOM_in domain decomposition
whalo =    2, ehalo =    2, shalo =    2, nhalo =    2
  X-AXIS =   17  17  17  17  17  17  17  17  17  17  17  17  17  17  17  17  17  17  17  16  16  16  16  16
             16  16  16  16  16  16  16  17  17  17  17  17  17  17  17  17  17  17  17  17  17  17  17  17
             17  17
  Y-AXIS =   10  10  10  10  10  10  10  10  10  10  10  10  10  10  10  10  10  10  10  10  10  10  10  10
             10  10  10  10  10  10  10  10  10  10  10  10  10  10  10  10  10  10  10  10  10  10  10  10
             10  10  10  10  10  10  10  10  10  10  10  10  10  10  10  10  10  10  10   9
NOTE from PE     0: MOM_restart: MOM run restarted using : ./access-om3.mom6.r.2017-01-24-00000_2.nc
 MOM_in domain decomposition
whalo =    4, ehalo =    4, shalo =    4, nhalo =    4
  X-AXIS =   34  34  34  34  34  34  34  34  34  34  34  34  34  34  34  34  34  34  34  34  34  34  34  34
             34  34  34  33  33  33  33  33  33  33  33  33  33  33  33  33  33  33  33  33  33  33  33  33
             33  33
  Y-AXIS =   20  20  20  20  20  20  20  20  20  20  20  20  20  20  20  20  20  20  20  20  20  20  20  20
             20  20  20  20  20  20  20  20  20  19  19  20  20  20  20  20  20  20  20  20  20  20  20  20
             20  20  20  20  20  20  20  20  20  20  20  20  20  20  20  20  20  20  20  20
 MOM_in domain decomposition
whalo =    2, ehalo =    2, shalo =    2, nhalo =    2
  X-AXIS =   17  17  17  17  17  17  17  17  17  17  17  17  17  17  17  17  17  17  17  16  16  16  16  16
             16  16  16  16  16  16  16  17  17  17  17  17  17  17  17  17  17  17  17  17  17  17  17  17
             17  17
  Y-AXIS =   10  10  10  10  10  10  10  10  10  10  10  10  10  10  10  10  10  10  10  10  10  10  10  10
             10  10  10  10  10  10  10  10  10  10  10  10  10  10  10  10  10  10  10  10  10  10  10  10
             10  10  10  10  10  10  10  10  10  10  10  10  10  10  10  10  10  10  10   9
NOTE from PE     0: MOM_restart: MOM run restarted using : ./access-om3.mom6.r.2017-01-24-00000_3.nc
 MOM_in domain decomposition
whalo =    4, ehalo =    4, shalo =    4, nhalo =    4
  X-AXIS =   34  34  34  34  34  34  34  34  34  34  34  34  34  34  34  34  34  34  34  34  34  34  34  34
             34  34  34  33  33  33  33  33  33  33  33  33  33  33  33  33  33  33  33  33  33  33  33  33
             33  33
  Y-AXIS =   20  20  20  20  20  20  20  20  20  20  20  20  20  20  20  20  20  20  20  20  20  20  20  20
             20  20  20  20  20  20  20  20  20  19  19  20  20  20  20  20  20  20  20  20  20  20  20  20
             20  20  20  20  20  20  20  20  20  20  20  20  20  20  20  20  20  20  20  20
 MOM_in domain decomposition
whalo =    2, ehalo =    2, shalo =    2, nhalo =    2
  X-AXIS =   17  17  17  17  17  17  17  17  17  17  17  17  17  17  17  17  17  17  17  16  16  16  16  16
             16  16  16  16  16  16  16  17  17  17  17  17  17  17  17  17  17  17  17  17  17  17  17  17
             17  17
  Y-AXIS =   10  10  10  10  10  10  10  10  10  10  10  10  10  10  10  10  10  10  10  10  10  10  10  10
             10  10  10  10  10  10  10  10  10  10  10  10  10  10  10  10  10  10  10  10  10  10  10  10
             10  10  10  10  10  10  10  10  10  10  10  10  10  10  10  10  10  10  10   9
NOTE from PE     0: MOM_restart: MOM run restarted using : ./access-om3.mom6.r.2017-01-24-00000_4.nc
 MOM_in domain decomposition
whalo =    4, ehalo =    4, shalo =    4, nhalo =    4
  X-AXIS =   34  34  34  34  34  34  34  34  34  34  34  34  34  34  34  34  34  34  34  34  34  34  34  34
             34  34  34  33  33  33  33  33  33  33  33  33  33  33  33  33  33  33  33  33  33  33  33  33
             33  33
  Y-AXIS =   20  20  20  20  20  20  20  20  20  20  20  20  20  20  20  20  20  20  20  20  20  20  20  20
             20  20  20  20  20  20  20  20  20  19  19  20  20  20  20  20  20  20  20  20  20  20  20  20
             20  20  20  20  20  20  20  20  20  20  20  20  20  20  20  20  20  20  20  20
 MOM_in domain decomposition
whalo =    2, ehalo =    2, shalo =    2, nhalo =    2
  X-AXIS =   17  17  17  17  17  17  17  17  17  17  17  17  17  17  17  17  17  17  17  16  16  16  16  16
             16  16  16  16  16  16  16  17  17  17  17  17  17  17  17  17  17  17  17  17  17  17  17  17
             17  17
  Y-AXIS =   10  10  10  10  10  10  10  10  10  10  10  10  10  10  10  10  10  10  10  10  10  10  10  10
             10  10  10  10  10  10  10  10  10  10  10  10  10  10  10  10  10  10  10  10  10  10  10  10
             10  10  10  10  10  10  10  10  10  10  10  10  10  10  10  10  10  10  10   9
NOTE from PE     0: MOM_restart: MOM run restarted using : ./access-om3.mom6.r.2017-01-24-00000_5.nc
 MOM_in domain decomposition
whalo =    4, ehalo =    4, shalo =    4, nhalo =    4
  X-AXIS =   34  34  34  34  34  34  34  34  34  34  34  34  34  34  34  34  34  34  34  34  34  34  34  34
             34  34  34  33  33  33  33  33  33  33  33  33  33  33  33  33  33  33  33  33  33  33  33  33
             33  33
  Y-AXIS =   20  20  20  20  20  20  20  20  20  20  20  20  20  20  20  20  20  20  20  20  20  20  20  20
             20  20  20  20  20  20  20  20  20  19  19  20  20  20  20  20  20  20  20  20  20  20  20  20
             20  20  20  20  20  20  20  20  20  20  20  20  20  20  20  20  20  20  20  20
 MOM_in domain decomposition
whalo =    2, ehalo =    2, shalo =    2, nhalo =    2
  X-AXIS =   17  17  17  17  17  17  17  17  17  17  17  17  17  17  17  17  17  17  17  16  16  16  16  16
             16  16  16  16  16  16  16  17  17  17  17  17  17  17  17  17  17  17  17  17  17  17  17  17
             17  17
  Y-AXIS =   10  10  10  10  10  10  10  10  10  10  10  10  10  10  10  10  10  10  10  10  10  10  10  10
             10  10  10  10  10  10  10  10  10  10  10  10  10  10  10  10  10  10  10  10  10  10  10  10
             10  10  10  10  10  10  10  10  10  10  10  10  10  10  10  10  10  10  10   9
NOTE from PE     0: MOM_restart: MOM run restarted using : ./access-om3.mom6.r.2017-01-24-00000_6.nc
 MOM_in domain decomposition
whalo =    4, ehalo =    4, shalo =    4, nhalo =    4
  X-AXIS =   34  34  34  34  34  34  34  34  34  34  34  34  34  34  34  34  34  34  34  34  34  34  34  34
             34  34  34  33  33  33  33  33  33  33  33  33  33  33  33  33  33  33  33  33  33  33  33  33
             33  33
  Y-AXIS =   20  20  20  20  20  20  20  20  20  20  20  20  20  20  20  20  20  20  20  20  20  20  20  20
             20  20  20  20  20  20  20  20  20  19  19  20  20  20  20  20  20  20  20  20  20  20  20  20
             20  20  20  20  20  20  20  20  20  20  20  20  20  20  20  20  20  20  20  20
 MOM_in domain decomposition
whalo =    2, ehalo =    2, shalo =    2, nhalo =    2
  X-AXIS =   17  17  17  17  17  17  17  17  17  17  17  17  17  17  17  17  17  17  17  16  16  16  16  16
             16  16  16  16  16  16  16  17  17  17  17  17  17  17  17  17  17  17  17  17  17  17  17  17
             17  17
  Y-AXIS =   10  10  10  10  10  10  10  10  10  10  10  10  10  10  10  10  10  10  10  10  10  10  10  10
             10  10  10  10  10  10  10  10  10  10  10  10  10  10  10  10  10  10  10  10  10  10  10  10
             10  10  10  10  10  10  10  10  10  10  10  10  10  10  10  10  10  10  10   9
NOTE from PE     0: MOM_restart: MOM run restarted using : ./access-om3.mom6.r.2017-01-24-00000_7.nc
 MOM_in domain decomposition
whalo =    4, ehalo =    4, shalo =    4, nhalo =    4
  X-AXIS =   34  34  34  34  34  34  34  34  34  34  34  34  34  34  34  34  34  34  34  34  34  34  34  34
             34  34  34  33  33  33  33  33  33  33  33  33  33  33  33  33  33  33  33  33  33  33  33  33
             33  33
  Y-AXIS =   20  20  20  20  20  20  20  20  20  20  20  20  20  20  20  20  20  20  20  20  20  20  20  20
             20  20  20  20  20  20  20  20  20  19  19  20  20  20  20  20  20  20  20  20  20  20  20  20
             20  20  20  20  20  20  20  20  20  20  20  20  20  20  20  20  20  20  20  20
 MOM_in domain decomposition
whalo =    2, ehalo =    2, shalo =    2, nhalo =    2
  X-AXIS =   17  17  17  17  17  17  17  17  17  17  17  17  17  17  17  17  17  17  17  16  16  16  16  16
             16  16  16  16  16  16  16  17  17  17  17  17  17  17  17  17  17  17  17  17  17  17  17  17
             17  17
  Y-AXIS =   10  10  10  10  10  10  10  10  10  10  10  10  10  10  10  10  10  10  10  10  10  10  10  10
             10  10  10  10  10  10  10  10  10  10  10  10  10  10  10  10  10  10  10  10  10  10  10  10
             10  10  10  10  10  10  10  10  10  10  10  10  10  10  10  10  10  10  10   9
NOTE from PE     0: MOM_restart: MOM run restarted using : ./access-om3.mom6.r.2017-01-24-00000_8.nc
 MOM_in domain decomposition
whalo =    4, ehalo =    4, shalo =    4, nhalo =    4
  X-AXIS =   34  34  34  34  34  34  34  34  34  34  34  34  34  34  34  34  34  34  34  34  34  34  34  34
             34  34  34  33  33  33  33  33  33  33  33  33  33  33  33  33  33  33  33  33  33  33  33  33
             33  33
  Y-AXIS =   20  20  20  20  20  20  20  20  20  20  20  20  20  20  20  20  20  20  20  20  20  20  20  20
             20  20  20  20  20  20  20  20  20  19  19  20  20  20  20  20  20  20  20  20  20  20  20  20
             20  20  20  20  20  20  20  20  20  20  20  20  20  20  20  20  20  20  20  20
 MOM_in domain decomposition
whalo =    2, ehalo =    2, shalo =    2, nhalo =    2
  X-AXIS =   17  17  17  17  17  17  17  17  17  17  17  17  17  17  17  17  17  17  17  16  16  16  16  16
             16  16  16  16  16  16  16  17  17  17  17  17  17  17  17  17  17  17  17  17  17  17  17  17
             17  17
  Y-AXIS =   10  10  10  10  10  10  10  10  10  10  10  10  10  10  10  10  10  10  10  10  10  10  10  10
             10  10  10  10  10  10  10  10  10  10  10  10  10  10  10  10  10  10  10  10  10  10  10  10
             10  10  10  10  10  10  10  10  10  10  10  10  10  10  10  10  10  10  10   9
NOTE from PE     0: MOM_restart: MOM run restarted using : ./access-om3.mom6.r.2017-01-24-00000_9.nc
 MOM_in domain decomposition
whalo =    4, ehalo =    4, shalo =    4, nhalo =    4
  X-AXIS =   34  34  34  34  34  34  34  34  34  34  34  34  34  34  34  34  34  34  34  34  34  34  34  34
             34  34  34  33  33  33  33  33  33  33  33  33  33  33  33  33  33  33  33  33  33  33  33  33
             33  33
  Y-AXIS =   20  20  20  20  20  20  20  20  20  20  20  20  20  20  20  20  20  20  20  20  20  20  20  20
             20  20  20  20  20  20  20  20  20  19  19  20  20  20  20  20  20  20  20  20  20  20  20  20
             20  20  20  20  20  20  20  20  20  20  20  20  20  20  20  20  20  20  20  20
 MOM_in domain decomposition
whalo =    2, ehalo =    2, shalo =    2, nhalo =    2
  X-AXIS =   17  17  17  17  17  17  17  17  17  17  17  17  17  17  17  17  17  17  17  16  16  16  16  16
             16  16  16  16  16  16  16  17  17  17  17  17  17  17  17  17  17  17  17  17  17  17  17  17
             17  17
  Y-AXIS =   10  10  10  10  10  10  10  10  10  10  10  10  10  10  10  10  10  10  10  10  10  10  10  10
             10  10  10  10  10  10  10  10  10  10  10  10  10  10  10  10  10  10  10  10  10  10  10  10
             10  10  10  10  10  10  10  10  10  10  10  10  10  10  10  10  10  10  10   9
NOTE from PE     0: MOM_restart: Unable to find tres_x_001   queried by pointer, possibly because of the suspect comparison of pointers by ASSOCIATED.
NOTE from PE     0: MOM_restart: tres_x_001   initialization confirmed by name.
NOTE from PE     0: MOM_restart: Unable to find tres_y_001   queried by pointer, possibly because of the suspect comparison of pointers by ASSOCIATED.
NOTE from PE     0: MOM_restart: tres_y_001   initialization confirmed by name.
NOTE from PE     0: MOM_restart: Unable to find tres_x_002   queried by pointer, possibly because of the suspect comparison of pointers by ASSOCIATED.
NOTE from PE     0: MOM_restart: tres_x_002   initialization confirmed by name.
NOTE from PE     0: MOM_restart: Unable to find tres_y_002   queried by pointer, possibly because of the suspect comparison of pointers by ASSOCIATED.
NOTE from PE     0: MOM_restart: tres_y_002   initialization confirmed by name.
 MOM_in domain decomposition
whalo =    0, ehalo =    0, shalo =    0, nhalo =    0
  X-AXIS =   34  34  34  34  34  34  34  34  34  34  34  34  34  34  34  34  34  34  34  34  34  34  34  34
             34  34  34  33  33  33  33  33  33  33  33  33  33  33  33  33  33  33  33  33  33  33  33  33
             33  33
  Y-AXIS =   20  20  20  20  20  20  20  20  20  20  20  20  20  20  20  20  20  20  20  20  20  20  20  20
             20  20  20  20  20  20  20  20  20  19  19  20  20  20  20  20  20  20  20  20  20  20  20  20
             20  20  20  20  20  20  20  20  20  20  20  20  20  20  20  20  20  20  20  20

WARNING from PE     0: Unused line in MOM_input : OBC_TIDE_CONSTITUENTS = "False"


WARNING from PE     0: Unused line in MOM_input : OBC_TIDE_ADD_EQ_PHASE = False


WARNING from PE     0: Unused line in MOM_input : OBC_TIDE_REF_DATE = 1995, 1, 1


WARNING from PE     0: Unused line in MOM_input : TIDE_M2 = False


WARNING from PE     0: Unused line in MOM_input : TIDE_SAL_SCALAR_VALUE = 0.094


WARNING from PE     0: Unused line in MOM_input : TIDE_REF_DATE = 2010, 1, 1


WARNING from PE     0: Unused line in MOM_input : TIDE_USE_EQ_PHASE = True

NOTE from PE     0: data_override_init: You are using the legacy version of the data table.
NOTE from PE     0: data_override_mod: File data_table does not exist.
NOTE from PE     0: data_table is empty, not doing any data_overrides
NOTE from PE     0: data_override_init: You are using the legacy version of the data table.
NOTE from PE     0: data_override_mod: File data_table does not exist.
NOTE from PE     0: data_table is empty, not doing any data_overrides
-------->(med_phases_restart_read) mediating for: 2017  1 24  0  0  0   0
  max rss=1477050368.0 MB
  max rss=1477050368.0 MB
  max rss=1477050368.0 MB
  max rss=1477050368.0 MB
  max rss=1477050368.0 MB
  max rss=1477050368.0 MB
  max rss=1477050368.0 MB
  max rss=1477050368.0 MB
  max rss=1477050368.0 MB
  max rss=1477050368.0 MB
  max rss=1477050368.0 MB
  max rss=1477050368.0 MB
