{
  "file_size": "68.62 MB",
  "data_transfer_size": "3281.80 MB",
  "status": "000",
  "message": "The request was successful."
}
{
  "file_size": "175.30 MB",
  "data_transfer_size": "11671.39 MB",
  "status": "000",
  "message": "The request was successful."
}
{
  "file_size": "175.30 MB",
  "data_transfer_size": "11671.39 MB",
  "status": "000",
  "message": "The request was successful."
}
{
  "file_size": "324.79 MB",
  "data_transfer_size": "40016.20 MB",
  "status": "000",
  "message": "The request was successful."
}

======================================================================================
                  Resource Usage on 2026-09-17 16:50:30:
   Job Id:             179230253.gadi-pbs
   Project:            nm03
   Exit Status:        271 (Linux Signal 15 SIGTERM Termination)
   Service Units:      2.10
   NCPUs Requested:    1                   CPU Time Used: 00:37:25        
   Memory Requested:   4.0GB                 Memory Used: 1.51GB          
   Walltime Requested: 10:00:00            Walltime Used: 01:03:09        
   JobFS Requested:    100.0MB                JobFS Used: 0B              
======================================================================================
